exports[`test PagesList 1`] = `
<div
  className="container">
  <p
    className="header">
    41671a7a-e791-8ac3-d777-07757f60f579
  </p>
  <p
    className="header">
    Site pages:
  </p>
  <div
    className="content">
    <div
      className="item"
      style={
        Object {
          "fontSize": "64",
        }
      }>
      1. Page 1
    </div>
    <div
      className="item"
      style={
        Object {
          "fontSize": "64",
        }
      }>
      2. Page 2
    </div>
  </div>
</div>
`;
